// Jest Snapshot v1, https://goo.gl/fbAQLP

exports[`NewGoalContainer renders 1`] = `
<View
  style={
    Object {
      "alignItems": "center",
      "alignSelf": "stretch",
      "flex": 1,
      "justifyContent": "center",
      "marginTop": 50,
    }
  }
>
  <Text
    style={
      Object {
        "fontSize": 35,
      }
    }
  >
    Select A Goal
  </Text>
  <View
    style={
      Object {
        "margin": 30,
      }
    }
  >
    <View
      accessibilityRole="button"
      accessibilityStates={Array []}
      accessible={true}
      isTVSelectable={true}
      onResponderGrant={[Function]}
      onResponderMove={[Function]}
      onResponderRelease={[Function]}
      onResponderTerminate={[Function]}
      onResponderTerminationRequest={[Function]}
      onStartShouldSetResponder={[Function]}
      style={
        Object {
          "opacity": 1,
        }
      }
    >
      <View
        style={
          Array [
            Object {},
          ]
        }
      >
        <Text
          style={
            Array [
              Object {
                "color": "#007AFF",
                "fontSize": 18,
                "padding": 8,
                "textAlign": "center",
              },
            ]
          }
        >
          Add Selected Goals
        </Text>
      </View>
    </View>
  </View>
</View>
`;
